
> ceres2-pi-runtime@0.1.0 typecheck
> tsc --noEmit


> ceres2-pi-runtime@0.1.0 build
> tsc


> figma-make-app@1.0.0 build
> vite build

(!) Your Vite config uses features that are unsupported by `configLoader: 'native'`, which is planned to become the default in a future major version of Vite:
  - `__dirname` (vite.config.ts:30:27). Use `import.meta.dirname` instead
  - JSON import "./.figma/make/site.json" without import attributes (vite.config.ts:6:31). Add `with { type: 'json' }`
Set `VITE_CONFIG_NATIVE_IGNORE_WARNING=true` to suppress this warning.
vite v8.3.0 building client environment for production...
transforming...
✓ 34 modules transformed.
rendering chunks...
computing gzip size...
dist/robots.txt                   0.02 kB │ gzip:   0.04 kB
dist/index.html                   0.89 kB │ gzip:   0.41 kB
dist/assets/index-BuK5WlNi.css   53.95 kB │ gzip:  10.41 kB
dist/assets/index-D-__sZxM.js   348.13 kB │ gzip: 104.49 kB

✓ built in 224ms
